=== ConnectionsBench free batch | date=2026-09-11 | 7 models | started 2026-10-02T01:28:38Z
[1/7] start  free__dots-3-note-preview  01:28:38
win      free__dots-3-note-preview a1  groups=4 mistakes=0 invalid=0 cost=$0.0000  -> /Users/alexs/ConnectionsBench/data/runs/2026-09-11/free__dots-3-note-preview.json
[1/7] done   free__dots-3-note-preview in 79s
[1/7] committed free__dots-3-note-preview
[2/7] start  free__space-bunny-alpha  01:29:57
win      free__space-bunny-alpha a1  groups=4 mistakes=2 invalid=1 cost=$0.0000  -> /Users/alexs/ConnectionsBench/data/runs/2026-09-11/free__space-bunny-alpha.json
[2/7] done   free__space-bunny-alpha in 36s
[2/7] committed free__space-bunny-alpha
[3/7] start  free__ling-3-0-flash-sante  01:30:33
win      free__ling-3-0-flash-sante a1  groups=4 mistakes=3 invalid=4 cost=$0.0000  -> /Users/alexs/ConnectionsBench/data/runs/2026-09-11/free__ling-3-0-flash-sante.json
[3/7] done   free__ling-3-0-flash-sante in 262s
[3/7] committed free__ling-3-0-flash-sante
[4/7] start  free__nemotron-3-super-120b-a12b  01:34:55
win      free__nemotron-3-super-120b-a12b a1  groups=4 mistakes=3 invalid=1 cost=$0.0000  -> /Users/alexs/ConnectionsBench/data/runs/2026-09-11/free__nemotron-3-super-120b-a12b.json
[4/7] done   free__nemotron-3-super-120b-a12b in 357s
[4/7] committed free__nemotron-3-super-120b-a12b
[5/7] start  free__nemotron-3-nano-omni-30b-a3b-reasoning  01:40:52
ERROR: gave up after 7 attempts: HTTP 200: Upstream error from Nvidia: ResourceExhausted: Worker local total request limit reached (16/16) free__nemotron-3-nano-omni-30b-a3b-reasoning a1  groups=0 mistakes=2 invalid=1 cost=$0.0000  -> /Users/alexs/ConnectionsBench/data/runs/2026-09-11/free__nemotron-3-nano-omni-30b-a3b-reasoning.json
[5/7] done   free__nemotron-3-nano-omni-30b-a3b-reasoning in 364s
[5/7] committed free__nemotron-3-nano-omni-30b-a3b-reasoning
[6/7] start  free__nemotron-3-5-lightning  01:46:56
ERROR: gave up after 7 attempts: HTTP 429: Rate limit exceeded: free-models-per-day. Add 10 credits to unlock 1000 free model requests per day free__nemotron-3-5-lightning a1  groups=0 mistakes=1 invalid=1 cost=$0.0000  -> /Users/alexs/ConnectionsBench/data/runs/2026-09-11/free__nemotron-3-5-lightning.json
[6/7] done   free__nemotron-3-5-lightning in 718s
[6/7] committed free__nemotron-3-5-lightning
[7/7] start  free__laguna-s-2-1  01:58:54
ERROR: gave up after 7 attempts: HTTP 429: Rate limit exceeded: free-models-per-day. Add 10 credits to unlock 1000 free model requests per day free__laguna-s-2-1 a1  groups=0 mistakes=0 invalid=0 cost=$0.0000  -> /Users/alexs/ConnectionsBench/data/runs/2026-09-11/free__laguna-s-2-1.json
[7/7] done   free__laguna-s-2-1 in 64s
[7/7] committed free__laguna-s-2-1
=== batch finished 2026-10-02T01:59:58Z
