=== ConnectionsBench free batch | date=2026-10-09 | 7 models | started 2026-10-09T20:00:40Z
[1/7] start  free__dots-3-note-preview  20:00:40
win      free__dots-3-note-preview a1  groups=4 mistakes=0 invalid=0 cost=$0.0000  -> /home/runner/work/ConnectionsBenchmark/ConnectionsBenchmark/data/runs/2026-10-09/free__dots-3-note-preview.json
[1/7] done   free__dots-3-note-preview in 64s
[1/7] committed free__dots-3-note-preview
[2/7] start  free__space-bunny-alpha  20:01:44
ERROR: HTTP 404: No endpoints found for stealth/space-bunny-alpha. free__space-bunny-alpha a1  groups=0 mistakes=0 invalid=0 cost=$0.0000  -> /home/runner/work/ConnectionsBenchmark/ConnectionsBenchmark/data/runs/2026-10-09/free__space-bunny-alpha.json
[2/7] done   free__space-bunny-alpha in 1s
[2/7] committed free__space-bunny-alpha
[3/7] start  free__ling-3-0-flash-sante  20:01:45
ERROR: HTTP 404: This model is unavailable for free. The paid version is available now - use this slug instead: inclusionai/ling-3.0-flash-sante free__ling-3-0-flash-sante a1  groups=0 mistakes=0 invalid=0 cost=$0.0000  -> /home/runner/work/ConnectionsBenchmark/ConnectionsBenchmark/data/runs/2026-10-09/free__ling-3-0-flash-sante.json
[3/7] done   free__ling-3-0-flash-sante in 0s
[3/7] committed free__ling-3-0-flash-sante
[4/7] start  free__nemotron-3-super-120b-a12b  20:01:45
win      free__nemotron-3-super-120b-a12b a1  groups=4 mistakes=0 invalid=0 cost=$0.0000  -> /home/runner/work/ConnectionsBenchmark/ConnectionsBenchmark/data/runs/2026-10-09/free__nemotron-3-super-120b-a12b.json
[4/7] done   free__nemotron-3-super-120b-a12b in 29s
[4/7] committed free__nemotron-3-super-120b-a12b
[5/7] start  free__nemotron-3-nano-omni-30b-a3b-reasoning  20:02:14
ERROR: gave up after 7 attempts: HTTP 200: Upstream error from Nvidia: ResourceExhausted: Worker local total request limit reached (715/16) free__nemotron-3-nano-omni-30b-a3b-reasoning a1  groups=1 mistakes=3 invalid=2 cost=$0.0000  -> /home/runner/work/ConnectionsBenchmark/ConnectionsBenchmark/data/runs/2026-10-09/free__nemotron-3-nano-omni-30b-a3b-reasoning.json
[5/7] done   free__nemotron-3-nano-omni-30b-a3b-reasoning in 1002s
[5/7] committed free__nemotron-3-nano-omni-30b-a3b-reasoning
[6/7] start  free__nemotron-3-5-lightning  20:18:56
loss     free__nemotron-3-5-lightning a1  groups=0 mistakes=4 invalid=0 cost=$0.0000  -> /home/runner/work/ConnectionsBenchmark/ConnectionsBenchmark/data/runs/2026-10-09/free__nemotron-3-5-lightning.json
[6/7] done   free__nemotron-3-5-lightning in 613s
[6/7] committed free__nemotron-3-5-lightning
[7/7] start  free__laguna-s-2-1  20:29:09
forfeit  free__laguna-s-2-1 a1  groups=0 mistakes=3 invalid=10 cost=$0.0000  -> /home/runner/work/ConnectionsBenchmark/ConnectionsBenchmark/data/runs/2026-10-09/free__laguna-s-2-1.json
[7/7] done   free__laguna-s-2-1 in 331s
