=== ConnectionsBench free batch | date=2026-10-04 | 7 models | started 2026-10-04T18:32:05Z
[1/7] start  free__dots-3-note-preview  18:32:05
win      free__dots-3-note-preview a1  groups=4 mistakes=0 invalid=1 cost=$0.0000  -> /home/runner/work/ConnectionsBenchmark/ConnectionsBenchmark/data/runs/2026-10-04/free__dots-3-note-preview.json
[1/7] done   free__dots-3-note-preview in 278s
[1/7] committed free__dots-3-note-preview
[2/7] start  free__space-bunny-alpha  18:36:43
win      free__space-bunny-alpha a1  groups=4 mistakes=0 invalid=0 cost=$0.0000  -> /home/runner/work/ConnectionsBenchmark/ConnectionsBenchmark/data/runs/2026-10-04/free__space-bunny-alpha.json
[2/7] done   free__space-bunny-alpha in 35s
[2/7] committed free__space-bunny-alpha
[3/7] start  free__ling-3-0-flash-sante  18:37:18
win      free__ling-3-0-flash-sante a1  groups=4 mistakes=0 invalid=1 cost=$0.0000  -> /home/runner/work/ConnectionsBenchmark/ConnectionsBenchmark/data/runs/2026-10-04/free__ling-3-0-flash-sante.json
[3/7] done   free__ling-3-0-flash-sante in 101s
[3/7] committed free__ling-3-0-flash-sante
[4/7] start  free__nemotron-3-super-120b-a12b  18:38:59
win      free__nemotron-3-super-120b-a12b a1  groups=4 mistakes=2 invalid=0 cost=$0.0000  -> /home/runner/work/ConnectionsBenchmark/ConnectionsBenchmark/data/runs/2026-10-04/free__nemotron-3-super-120b-a12b.json
[4/7] done   free__nemotron-3-super-120b-a12b in 241s
[4/7] committed free__nemotron-3-super-120b-a12b
[5/7] start  free__nemotron-3-nano-omni-30b-a3b-reasoning  18:43:00
win      free__nemotron-3-nano-omni-30b-a3b-reasoning a1  groups=4 mistakes=0 invalid=1 cost=$0.0000  -> /home/runner/work/ConnectionsBenchmark/ConnectionsBenchmark/data/runs/2026-10-04/free__nemotron-3-nano-omni-30b-a3b-reasoning.json
[5/7] done   free__nemotron-3-nano-omni-30b-a3b-reasoning in 638s
[5/7] committed free__nemotron-3-nano-omni-30b-a3b-reasoning
[6/7] start  free__nemotron-3-5-lightning  18:53:38
loss     free__nemotron-3-5-lightning a1  groups=2 mistakes=4 invalid=0 cost=$0.0000  -> /home/runner/work/ConnectionsBenchmark/ConnectionsBenchmark/data/runs/2026-10-04/free__nemotron-3-5-lightning.json
[6/7] done   free__nemotron-3-5-lightning in 550s
