=== ConnectionsBench free batch | date=2026-10-02 | 7 models | started 2026-10-02T19:46:42Z
[1/7] start  free__dots-3-note-preview  19:46:42
ERROR: gave up after 7 attempts: HTTP 429: Rate limit exceeded: free-models-per-day. Add 10 credits to unlock 1000 free model requests per day free__dots-3-note-preview a1  groups=0 mistakes=0 invalid=0 cost=$0.0000  -> /home/runner/work/ConnectionsBenchmark/ConnectionsBenchmark/data/runs/2026-10-02/free__dots-3-note-preview.json
[1/7] done   free__dots-3-note-preview in 64s
[1/7] committed free__dots-3-note-preview
[2/7] start  free__space-bunny-alpha  19:47:46
loss     free__space-bunny-alpha a1  groups=1 mistakes=4 invalid=0 cost=$0.0000  -> /home/runner/work/ConnectionsBenchmark/ConnectionsBenchmark/data/runs/2026-10-02/free__space-bunny-alpha.json
[2/7] done   free__space-bunny-alpha in 59s
[2/7] committed free__space-bunny-alpha
[3/7] start  free__ling-3-0-flash-sante  19:48:45
ERROR: gave up after 7 attempts: HTTP 429: Rate limit exceeded: free-models-per-day. Add 10 credits to unlock 1000 free model requests per day free__ling-3-0-flash-sante a1  groups=0 mistakes=0 invalid=0 cost=$0.0000  -> /home/runner/work/ConnectionsBenchmark/ConnectionsBenchmark/data/runs/2026-10-02/free__ling-3-0-flash-sante.json
[3/7] done   free__ling-3-0-flash-sante in 63s
[3/7] committed free__ling-3-0-flash-sante
[4/7] start  free__nemotron-3-super-120b-a12b  19:49:48
ERROR: gave up after 7 attempts: HTTP 429: Rate limit exceeded: free-models-per-day. Add 10 credits to unlock 1000 free model requests per day free__nemotron-3-super-120b-a12b a1  groups=0 mistakes=0 invalid=0 cost=$0.0000  -> /home/runner/work/ConnectionsBenchmark/ConnectionsBenchmark/data/runs/2026-10-02/free__nemotron-3-super-120b-a12b.json
[4/7] done   free__nemotron-3-super-120b-a12b in 64s
[4/7] committed free__nemotron-3-super-120b-a12b
[5/7] start  free__nemotron-3-nano-omni-30b-a3b-reasoning  19:50:52
ERROR: gave up after 7 attempts: HTTP 429: Rate limit exceeded: free-models-per-day. Add 10 credits to unlock 1000 free model requests per day free__nemotron-3-nano-omni-30b-a3b-reasoning a1  groups=0 mistakes=0 invalid=0 cost=$0.0000  -> /home/runner/work/ConnectionsBenchmark/ConnectionsBenchmark/data/runs/2026-10-02/free__nemotron-3-nano-omni-30b-a3b-reasoning.json
[5/7] done   free__nemotron-3-nano-omni-30b-a3b-reasoning in 63s
