=== ConnectionsBench free batch | date=2026-10-05 | 7 models | started 2026-10-05T21:50:59Z
[1/7] start  free__dots-3-note-preview  21:50:59
win      free__dots-3-note-preview a1  groups=4 mistakes=0 invalid=2 cost=$0.0000  -> /home/runner/work/ConnectionsBenchmark/ConnectionsBenchmark/data/runs/2026-10-05/free__dots-3-note-preview.json
[1/7] done   free__dots-3-note-preview in 849s
[1/7] committed free__dots-3-note-preview
[2/7] start  free__space-bunny-alpha  22:05:08
ERROR: HTTP 404: No endpoints found for stealth/space-bunny-alpha. free__space-bunny-alpha a1  groups=0 mistakes=0 invalid=0 cost=$0.0000  -> /home/runner/work/ConnectionsBenchmark/ConnectionsBenchmark/data/runs/2026-10-05/free__space-bunny-alpha.json
[2/7] done   free__space-bunny-alpha in 0s
[2/7] committed free__space-bunny-alpha
[3/7] start  free__ling-3-0-flash-sante  22:05:08
loss     free__ling-3-0-flash-sante a1  groups=0 mistakes=4 invalid=7 cost=$0.0000  -> /home/runner/work/ConnectionsBenchmark/ConnectionsBenchmark/data/runs/2026-10-05/free__ling-3-0-flash-sante.json
[3/7] done   free__ling-3-0-flash-sante in 656s
[3/7] committed free__ling-3-0-flash-sante
[4/7] start  free__nemotron-3-super-120b-a12b  22:16:04
loss     free__nemotron-3-super-120b-a12b a1  groups=0 mistakes=4 invalid=1 cost=$0.0000  -> /home/runner/work/ConnectionsBenchmark/ConnectionsBenchmark/data/runs/2026-10-05/free__nemotron-3-super-120b-a12b.json
[4/7] done   free__nemotron-3-super-120b-a12b in 257s
[4/7] committed free__nemotron-3-super-120b-a12b
[5/7] start  free__nemotron-3-nano-omni-30b-a3b-reasoning  22:20:21
[5/7] TIMEOUT free__nemotron-3-nano-omni-30b-a3b-reasoning after 1201s (limit 1200s) — abandoned
[5/7] done   free__nemotron-3-nano-omni-30b-a3b-reasoning in 1201s
[6/7] start  free__nemotron-3-5-lightning  22:40:22
loss     free__nemotron-3-5-lightning a1  groups=1 mistakes=4 invalid=0 cost=$0.0000  -> /home/runner/work/ConnectionsBenchmark/ConnectionsBenchmark/data/runs/2026-10-05/free__nemotron-3-5-lightning.json
[6/7] done   free__nemotron-3-5-lightning in 459s
