=== ConnectionsBench free batch | date=2026-09-30 | 7 models | started 2026-09-30T11:28:18Z
[1/7] start  free__dots-3-note-preview  11:28:18
forfeit  free__dots-3-note-preview a1  groups=2 mistakes=2 invalid=10 cost=$0.0000  -> /Users/alexs/ConnectionsBench/data/runs/2026-09-30/free__dots-3-note-preview.json
[1/7] done   free__dots-3-note-preview in 1550s
[1/7] committed free__dots-3-note-preview
[2/7] start  free__space-bunny-alpha  11:54:08
win      free__space-bunny-alpha a1  groups=4 mistakes=1 invalid=0 cost=$0.0000  -> /Users/alexs/ConnectionsBench/data/runs/2026-09-30/free__space-bunny-alpha.json
[2/7] done   free__space-bunny-alpha in 43s
[2/7] committed free__space-bunny-alpha
[3/7] start  free__ling-3-0-flash-sante  11:54:51
forfeit  free__ling-3-0-flash-sante a1  groups=0 mistakes=3 invalid=10 cost=$0.0000  -> /Users/alexs/ConnectionsBench/data/runs/2026-09-30/free__ling-3-0-flash-sante.json
[3/7] done   free__ling-3-0-flash-sante in 667s
[3/7] committed free__ling-3-0-flash-sante
[4/7] start  free__nemotron-3-super-120b-a12b  12:05:58
win      free__nemotron-3-super-120b-a12b a1  groups=4 mistakes=1 invalid=1 cost=$0.0000  -> /Users/alexs/ConnectionsBench/data/runs/2026-09-30/free__nemotron-3-super-120b-a12b.json
[4/7] done   free__nemotron-3-super-120b-a12b in 658s
[4/7] committed free__nemotron-3-super-120b-a12b
[5/7] start  free__nemotron-3-nano-omni-30b-a3b-reasoning  12:16:56
[5/7] done   free__nemotron-3-nano-omni-30b-a3b-reasoning in 7375s
[6/7] start  free__nemotron-3-5-lightning  14:19:51
loss     free__nemotron-3-5-lightning a1  groups=2 mistakes=4 invalid=8 cost=$0.0000  -> /Users/alexs/ConnectionsBench/data/runs/2026-09-30/free__nemotron-3-5-lightning.json
[6/7] done   free__nemotron-3-5-lightning in 8973s
[6/7] committed free__nemotron-3-5-lightning
[7/7] start  free__laguna-s-2-1  16:49:24
ERROR: gave up after 7 attempts: transport: <urlopen error [Errno 8] nodename nor servname provided, or not known> free__laguna-s-2-1 a1  groups=0 mistakes=0 invalid=1 cost=$0.0000  -> /Users/alexs/ConnectionsBench/data/runs/2026-09-30/free__laguna-s-2-1.json
[7/7] done   free__laguna-s-2-1 in 509s
